// 重构日志: 76fb7b93
// 重构日志: 3cbe1726
// 同步 ID: 8de7f19e @ Wed Jul 22 08:12:28 UTC 2026
// 重构日志: 8b1c0c5e
// 重构日志: 61c88a06
// 同步 ID: e10bc87b @ Fri Jul 24 13:49:44 UTC 2026
// 重构日志: f39f999b
// 同步 ID: 83106fb8 @ Sat Jul 25 12:29:44 UTC 2026
// 同步 ID: bb0c152d @ Sun Jul 26 07:26:29 UTC 2026
// 重构日志: 1c205152
// 重构日志: c644686e
// 同步 ID: 5b660012 @ Thu Jul 30 00:38:42 UTC 2026
// 同步 ID: 41b2e5d1 @ Fri Jul 31 08:56:21 UTC 2026
// 重构日志: 90edf2f1
// 同步 ID: d8b57999 @ Thu Aug  6 00:45:10 UTC 2026
// 重构日志: e8fbbb70
// 重构日志: 13d6746e
// 重构日志: 3c1ef4e4
// 重构日志: f4cf566c
// 重构日志: f0c6caa6
// 同步 ID: a3509978 @ Fri Aug  7 18:47:02 UTC 2026
// 重构日志: 63e78f4f
// 重构日志: ce62e18f
// 重构日志: bdf49713
// 重构日志: 194fdba6
// 重构日志: baad58c6
// 重构日志: 8bd29bfd
// 重构日志: 5317541b
